###############################################################################
#                                                                             #
# IAR ELF Linker V6.30.1.53127/W32 for ARM              19/Jul/2013  22:45:42 #
# Copyright 2007-2011 IAR Systems AB.                                         #
#                                                                             #
#    Output file  =  C:\Users\Administrator\Desktop\（完结）智能车程序\build\ #
#                    camera_demo\Debug\Exe\fire_gpio_demo.out                 #
#    Map file     =  C:\Users\Administrator\Desktop\（完结）智能车程序\build\ #
#                    camera_demo\Debug\List\fire_gpio_demo.map                #
#    Command line =  C:\Users\Administrator\Desktop\（完结）智能车程序\build\ #
#                    camera_demo\Debug\Obj\ASCII.o                            #
#                    C:\Users\Administrator\Desktop\（完结）智能车程序\build\ #
#                    camera_demo\Debug\Obj\BL144002.o                         #
#                    C:\Users\Administrator\Desktop\（完结）智能车程序\build\ #
#                    camera_demo\Debug\Obj\FTM.o                              #
#                    C:\Users\Administrator\Desktop\（完结）智能车程序\build\ #
#                    camera_demo\Debug\Obj\LCD.o                              #
#                    C:\Users\Administrator\Desktop\（完结）智能车程序\build\ #
#                    camera_demo\Debug\Obj\LCD_CH.o                           #
#                    C:\Users\Administrator\Desktop\（完结）智能车程序\build\ #
#                    camera_demo\Debug\Obj\LED.o                              #
#                    C:\Users\Administrator\Desktop\（完结）智能车程序\build\ #
#                    camera_demo\Debug\Obj\NRF24L0.o                          #
#                    C:\Users\Administrator\Desktop\（完结）智能车程序\build\ #
#                    camera_demo\Debug\Obj\NRF24L0_MSG.o                      #
#                    C:\Users\Administrator\Desktop\（完结）智能车程序\build\ #
#                    camera_demo\Debug\Obj\OV7725.o                           #
#                    C:\Users\Administrator\Desktop\（完结）智能车程序\build\ #
#                    camera_demo\Debug\Obj\PIT.o                              #
#                    C:\Users\Administrator\Desktop\（完结）智能车程序\build\ #
#                    camera_demo\Debug\Obj\SCCB.o                             #
#                    C:\Users\Administrator\Desktop\（完结）智能车程序\build\ #
#                    camera_demo\Debug\Obj\alloc.o                            #
#                    C:\Users\Administrator\Desktop\（完结）智能车程序\build\ #
#                    camera_demo\Debug\Obj\arm_cm4.o                          #
#                    C:\Users\Administrator\Desktop\（完结）智能车程序\build\ #
#                    camera_demo\Debug\Obj\assert.o                           #
#                    C:\Users\Administrator\Desktop\（完结）智能车程序\build\ #
#                    camera_demo\Debug\Obj\crt0.o                             #
#                    C:\Users\Administrator\Desktop\（完结）智能车程序\build\ #
#                    camera_demo\Debug\Obj\delay.o                            #
#                    C:\Users\Administrator\Desktop\（完结）智能车程序\build\ #
#                    camera_demo\Debug\Obj\diskio.o                           #
#                    C:\Users\Administrator\Desktop\（完结）智能车程序\build\ #
#                    camera_demo\Debug\Obj\dma.o                              #
#                    C:\Users\Administrator\Desktop\（完结）智能车程序\build\ #
#                    camera_demo\Debug\Obj\ff.o C:\Users\Administrator\Deskto #
#                    p\（完结）智能车程序\build\camera_demo\Debug\Obj\gpio.o  #
#                    C:\Users\Administrator\Desktop\（完结）智能车程序\build\ #
#                    camera_demo\Debug\Obj\io.o C:\Users\Administrator\Deskto #
#                    p\（完结）智能车程序\build\camera_demo\Debug\Obj\isr.o   #
#                    C:\Users\Administrator\Desktop\（完结）智能车程序\build\ #
#                    camera_demo\Debug\Obj\key.o                              #
#                    C:\Users\Administrator\Desktop\（完结）智能车程序\build\ #
#                    camera_demo\Debug\Obj\key_event.o                        #
#                    C:\Users\Administrator\Desktop\（完结）智能车程序\build\ #
#                    camera_demo\Debug\Obj\lptmr.o                            #
#                    C:\Users\Administrator\Desktop\（完结）智能车程序\build\ #
#                    camera_demo\Debug\Obj\main.o                             #
#                    C:\Users\Administrator\Desktop\（完结）智能车程序\build\ #
#                    camera_demo\Debug\Obj\mcg.o                              #
#                    C:\Users\Administrator\Desktop\（完结）智能车程序\build\ #
#                    camera_demo\Debug\Obj\memtest.o                          #
#                    C:\Users\Administrator\Desktop\（完结）智能车程序\build\ #
#                    camera_demo\Debug\Obj\port.o                             #
#                    C:\Users\Administrator\Desktop\（完结）智能车程序\build\ #
#                    camera_demo\Debug\Obj\printf.o                           #
#                    C:\Users\Administrator\Desktop\（完结）智能车程序\build\ #
#                    camera_demo\Debug\Obj\queue.o                            #
#                    C:\Users\Administrator\Desktop\（完结）智能车程序\build\ #
#                    camera_demo\Debug\Obj\sdhc.o                             #
#                    C:\Users\Administrator\Desktop\（完结）智能车程序\build\ #
#                    camera_demo\Debug\Obj\spi.o                              #
#                    C:\Users\Administrator\Desktop\（完结）智能车程序\build\ #
#                    camera_demo\Debug\Obj\start.o                            #
#                    C:\Users\Administrator\Desktop\（完结）智能车程序\build\ #
#                    camera_demo\Debug\Obj\startup.o                          #
#                    C:\Users\Administrator\Desktop\（完结）智能车程序\build\ #
#                    camera_demo\Debug\Obj\stdlib.o                           #
#                    C:\Users\Administrator\Desktop\（完结）智能车程序\build\ #
#                    camera_demo\Debug\Obj\sysinit.o                          #
#                    C:\Users\Administrator\Desktop\（完结）智能车程序\build\ #
#                    camera_demo\Debug\Obj\uart.o                             #
#                    C:\Users\Administrator\Desktop\（完结）智能车程序\build\ #
#                    camera_demo\Debug\Obj\uif.o                              #
#                    C:\Users\Administrator\Desktop\（完结）智能车程序\build\ #
#                    camera_demo\Debug\Obj\vectors.o                          #
#                    C:\Users\Administrator\Desktop\（完结）智能车程序\build\ #
#                    camera_demo\Debug\Obj\wdog.o                             #
#                    C:\Users\Administrator\Desktop\（完结）智能车程序\src\LI #
#                    B\CMSIS\iar_cortexM4l_math.a -o                          #
#                    C:\Users\Administrator\Desktop\（完结）智能车程序\build\ #
#                    camera_demo\Debug\Exe\fire_gpio_demo.out --map           #
#                    C:\Users\Administrator\Desktop\（完结）智能车程序\build\ #
#                    camera_demo\Debug\List\fire_gpio_demo.map --config       #
#                    "C:\Users\Administrator\Desktop\（完结）智能车程序\build #
#                    \camera_demo\..\config files\fire_ROM_K60N512.icf"       #
#                    --semihosting --entry __iar_program_start --vfe          #
#                                                                             #
#                                                                             #
###############################################################################

*******************************************************************************
*** RUNTIME MODEL ATTRIBUTES
***

CppFlavor       = *
__SystemLibrary = DLib


*******************************************************************************
*** PLACEMENT SUMMARY
***

"A1":  place at 0x00000000 { ro section .intvec };
"A2":  place at 0x00000410 { ro section .noinit };
"P1":  place in [from 0x00000000 to 0x00040000] { ro, block CodeRelocate };
"P2":  place in [from 0x1fff0410 to 0x20010000] {
          rw, block CodeRelocateRam, block CSTACK, block HEAP };

  Section              Kind        Address    Size  Object
  -------              ----        -------    ----  ------
"A1":                                        0x410
  .intvec              const    0x00000000   0x410  vectors.o [1]
                              - 0x00000410   0x410

"A2":                                         0x3c
  .noinit              ro code  0x00000410    0x3c  crt0.o [1]
                              - 0x0000044c    0x3c

"P1":                                       0x59f8
  .text                ro code  0x0000044c  0x1c94  main.o [1]
  .text                ro code  0x000020e0    0xf8  gpio.o [1]
  .text                ro code  0x000021d8    0xf4  lptmr.o [1]
  .text                ro code  0x000022cc   0x20c  uart.o [1]
  .text                ro code  0x000024d8   0x1d4  OV7725.o [1]
  .text                ro code  0x000026ac   0x3e4  FTM.o [1]
  .text                ro code  0x00002a90    0x70  PIT.o [1]
  .text                ro code  0x00002b00    0x32  I32ToFlt.o [4]
  .text                ro code  0x00002b32    0x22  zero_init3.o [5]
  .text                ro code  0x00002b54    0xfc  FltDiv.o [4]
  .text                ro code  0x00002c50    0xe6  FltSub.o [4]
  .rodata              const    0x00002d36     0x2  OV7725.o [1]
  .text                ro code  0x00002d38    0xd8  FltMul.o [4]
  .text                ro code  0x00002e10    0x84  FltAdd.o [4]
  .text                ro code  0x00002e94    0x24  FltCmpGe.o [4]
  .text                ro code  0x00002eb8    0x24  FltCmpLe.o [4]
  .text                ro code  0x00002edc    0x4e  FltToDbl.o [4]
  .text                ro code  0x00002f2c   0x180  DblSub.o [4]
  .text                ro code  0x000030ac   0x1a2  DblMul.o [4]
  .text                ro code  0x00003250    0xe8  DblAdd.o [4]
  .text                ro code  0x00003338    0x90  DblToFlt.o [4]
  .text                ro code  0x000033c8    0x2c  I32ToDbl.o [4]
  .text                ro code  0x000033f4    0x4c  DblToI32.o [4]
  .text                ro code  0x00003440    0x44  FltToS32.o [4]
  .text                ro code  0x00003484    0x24  FltToU32.o [4]
  .text                ro code  0x000034a8    0x20  assert.o [1]
  .text                ro code  0x000034c8   0x128  arm_cm4.o [1]
  .text                ro code  0x000035f0   0x26c  dma.o [1]
  .text                ro code  0x0000385c    0xb8  port.o [1]
  .text                ro code  0x00003914   0x40a  SCCB.o [1]
  .text                ro code  0x00003d20    0xb4  LED.o [1]
  .text                ro code  0x00003dd4   0x55c  printf.o [1]
  .text                ro code  0x00004330    0x24  delay.o [1]
  .text                ro code  0x00004354    0x20  stdlib.o [1]
  .text                ro code  0x00004374   0x520  start.o [1]
  .text                ro code  0x00004894    0x38  wdog.o [1]
  .text                ro code  0x000048cc    0xc0  startup.o [1]
  .text                ro code  0x0000498c    0x5c  sysinit.o [1]
  Veneer               ro code  0x000049e8     0x8  - Linker created -
  .text                ro code  0x000049f0   0x304  mcg.o [1]
  .text                ro code  0x00004cf4   0x2e4  NRF24L0.o [1]
  .text                ro code  0x00004fd8   0x1a0  spi.o [1]
  .data_init                    0x00005178   0x1f4  <Block>
    Initializer bytes  ro data  0x00005178   0x1f4  <for .data-1>
  .text                ro code  0x0000536c   0x1c0  isr.o [1]
  .text                ro code  0x0000552c   0x13c  key.o [1]
  CodeRelocate                  0x00005668    0x50  <Block>
    Initializer bytes  ro data  0x00005668    0x50  <for CodeRelocateRam-1>
  .rodata              const    0x000056b8    0x4c  assert.o [1]
  .rodata              const    0x00005704    0x4c  gpio.o [1]
  .rodata              const    0x00005750    0x4c  lptmr.o [1]
  .rodata              const    0x0000579c    0x48  FTM.o [1]
  .rodata              const    0x000057e4    0x48  dma.o [1]
  .rodata              const    0x0000582c    0x48  start.o [1]
  .rodata              const    0x00005874    0x40  start.o [1]
  .rodata              const    0x000058b4    0x3c  arm_cm4.o [1]
  .rodata              const    0x000058f0    0x38  arm_cm4.o [1]
  .rodata              const    0x00005928    0x30  vectors.o [1]
  .rodata              const    0x00005958    0x2c  start.o [1]
  .text                ro code  0x00005984    0x2c  data_init3.o [5]
  .rodata              const    0x000059b0    0x28  start.o [1]
  .rodata              const    0x000059d8    0x28  start.o [1]
  .text                ro code  0x00005a00    0x24  vectors.o [1]
  .iar.init_table      const    0x00005a24    0x10  - Linker created -
  .rodata              const    0x00005a34    0x20  start.o [1]
  .rodata              const    0x00005a54    0x20  start.o [1]
  .rodata              const    0x00005a74    0x20  start.o [1]
  .rodata              const    0x00005a94    0x20  start.o [1]
  .rodata              const    0x00005ab4    0x20  start.o [1]
  .rodata              const    0x00005ad4    0x1c  start.o [1]
  .rodata              const    0x00005af0    0x1c  start.o [1]
  .rodata              const    0x00005b0c    0x1c  start.o [1]
  .rodata              const    0x00005b28    0x18  start.o [1]
  .rodata              const    0x00005b40    0x18  start.o [1]
  .rodata              const    0x00005b58    0x18  start.o [1]
  .rodata              const    0x00005b70    0x18  start.o [1]
  .rodata              const    0x00005b88    0x18  start.o [1]
  .rodata              const    0x00005ba0    0x18  start.o [1]
  .rodata              const    0x00005bb8    0x18  start.o [1]
  .rodata              const    0x00005bd0    0x18  start.o [1]
  .text                ro code  0x00005be8    0x16  cmain.o [5]
  .text                ro code  0x00005bfe     0x4  low_level_init.o [3]
  .text                ro code  0x00005c02     0x4  exit.o [3]
  .text                ro code  0x00005c08     0xa  cexit.o [5]
  .text                ro code  0x00005c14    0x14  exit.o [6]
  .rodata              const    0x00005c28    0x14  isr.o [1]
  .rodata              const    0x00005c3c    0x14  start.o [1]
  .rodata              const    0x00005c50    0x14  start.o [1]
  .rodata              const    0x00005c64    0x14  start.o [1]
  .rodata              const    0x00005c78    0x14  start.o [1]
  .rodata              const    0x00005c8c    0x14  start.o [1]
  .rodata              const    0x00005ca0    0x14  start.o [1]
  .rodata              const    0x00005cb4    0x14  start.o [1]
  .rodata              const    0x00005cc8    0x14  start.o [1]
  .rodata              const    0x00005cdc    0x10  start.o [1]
  .rodata              const    0x00005cec    0x10  start.o [1]
  .rodata              const    0x00005cfc    0x10  start.o [1]
  .rodata              const    0x00005d0c    0x10  start.o [1]
  .rodata              const    0x00005d1c    0x10  start.o [1]
  .rodata              const    0x00005d2c    0x10  start.o [1]
  .rodata              const    0x00005d3c    0x10  start.o [1]
  .rodata              const    0x00005d4c    0x10  start.o [1]
  .rodata              const    0x00005d5c    0x10  start.o [1]
  .rodata              const    0x00005d6c    0x10  start.o [1]
  .rodata              const    0x00005d7c    0x10  start.o [1]
  .rodata              const    0x00005d8c    0x10  start.o [1]
  .rodata              const    0x00005d9c    0x10  start.o [1]
  .text                ro code  0x00005dac    0x10  io.o [1]
  .rodata              const    0x00005dbc     0xc  isr.o [1]
  .rodata              const    0x00005dc8     0xc  start.o [1]
  .rodata              const    0x00005dd4     0xc  start.o [1]
  .rodata              const    0x00005de0     0xc  start.o [1]
  .rodata              const    0x00005dec     0xc  start.o [1]
  .text                ro code  0x00005df8     0xc  cstartup_M.o [5]
  .rodata              const    0x00005e04     0x8  start.o [1]
  .rodata              const    0x00005e0c     0x8  start.o [1]
  .rodata              const    0x00005e14     0x8  start.o [1]
  .rodata              const    0x00005e1c     0x8  start.o [1]
  .rodata              const    0x00005e24     0x8  start.o [1]
  .rodata              const    0x00005e2c     0x8  start.o [1]
  .rodata              const    0x00005e34     0x8  start.o [1]
  .rodata              const    0x00005e3c     0x8  start.o [1]
  .rodata              const    0x00005e44     0x0  bwt_init3c.o [5]
                              - 0x00005e44  0x59f8

"P2", part 1 of 2:                           0x244
  .data                         0x1fff0410   0x1f4  <Block>
    .data-1                     0x1fff0410   0x1f4  <Init block>
      .data            inited   0x1fff0410     0xc  FTM.o [1]
      .data            inited   0x1fff041c     0x1  OV7725.o [1]
      .data            inited   0x1fff0420    0x64  OV7725.o [1]
      .data            inited   0x1fff0484     0x1  OV7725.o [1]
      .data            inited   0x1fff0488    0x14  gpio.o [1]
      .data            inited   0x1fff049c    0x14  gpio.o [1]
      .data            inited   0x1fff04b0     0x8  key.o [1]
      .data            inited   0x1fff04b8     0x4  main.o [1]
      .data            inited   0x1fff04bc     0x4  main.o [1]
      .data            inited   0x1fff04c0     0x1  main.o [1]
      .data            inited   0x1fff04c1     0x1  main.o [1]
      .data            inited   0x1fff04c4     0x4  main.o [1]
      .data            inited   0x1fff04c8     0x4  main.o [1]
      .data            inited   0x1fff04cc     0x4  main.o [1]
      .data            inited   0x1fff04d0     0x4  main.o [1]
      .data            inited   0x1fff04d4     0x4  main.o [1]
      .data            inited   0x1fff04d8     0x4  main.o [1]
      .data            inited   0x1fff04dc     0x4  main.o [1]
      .data            inited   0x1fff04e0     0x4  main.o [1]
      .data            inited   0x1fff04e4    0xf0  main.o [1]
      .data            inited   0x1fff05d4     0x1  main.o [1]
      .data            inited   0x1fff05d8     0x8  mcg.o [1]
      .data            inited   0x1fff05e0     0xc  spi.o [1]
      .data            inited   0x1fff05ec    0x18  uart.o [1]
  CodeRelocateRam               0x1fff0604    0x50  <Block>
    CodeRelocateRam-1           0x1fff0604    0x50  <Init block>
      .textrw          inited   0x1fff0604    0x50  mcg.o [1]
                              - 0x1fff0654   0x244

"P2", part 2 of 2:                          0x5a14
  .bss                          0x1fff0654  0x5a14  <Block>
    .bss               zero     0x1fff0654     0x4  NRF24L0.o [1]
    .bss               zero     0x1fff0658     0x4  NRF24L0.o [1]
    .bss               zero     0x1fff065c   0x280  NRF24L0.o [1]
    .bss               zero     0x1fff08dc     0x4  OV7725.o [1]
    .bss               zero     0x1fff08e0     0x4  isr.o [1]
    .bss               zero     0x1fff08e4    0x28  key.o [1]
    .bss               zero     0x1fff090c     0x8  key.o [1]
    .bss               zero     0x1fff0914     0x4  main.o [1]
    .bss               zero     0x1fff0918     0x4  main.o [1]
    .bss               zero     0x1fff091c     0x4  main.o [1]
    .bss               zero     0x1fff0920     0x4  main.o [1]
    .bss               zero     0x1fff0924     0x4  main.o [1]
    .bss               zero     0x1fff0928     0x4  main.o [1]
    .bss               zero     0x1fff092c     0x4  main.o [1]
    .bss               zero     0x1fff0930     0x4  main.o [1]
    .bss               zero     0x1fff0934     0x4  main.o [1]
    .bss               zero     0x1fff0938     0x4  main.o [1]
    .bss               zero     0x1fff093c     0x4  main.o [1]
    .bss               zero     0x1fff0940     0x4  main.o [1]
    .bss               zero     0x1fff0944     0x4  main.o [1]
    .bss               zero     0x1fff0948   0x980  main.o [1]
    .bss               zero     0x1fff12c8  0x4b00  main.o [1]
    .bss               zero     0x1fff5dc8    0x7c  main.o [1]
    .bss               zero     0x1fff5e44    0x7c  main.o [1]
    .bss               zero     0x1fff5ec0    0x7c  main.o [1]
    .bss               zero     0x1fff5f3c    0x7c  main.o [1]
    .bss               zero     0x1fff5fb8     0x4  main.o [1]
    .bss               zero     0x1fff5fbc     0x4  main.o [1]
    .bss               zero     0x1fff5fc0     0x4  main.o [1]
    .bss               zero     0x1fff5fc4     0x4  main.o [1]
    .bss               zero     0x1fff5fc8     0x4  main.o [1]
    .bss               zero     0x1fff5fcc     0x4  main.o [1]
    .bss               zero     0x1fff5fd0     0x4  main.o [1]
    .bss               zero     0x1fff5fd4     0x4  main.o [1]
    .bss               zero     0x1fff5fd8     0x4  main.o [1]
    .bss               zero     0x1fff5fdc     0x4  main.o [1]
    .bss               zero     0x1fff5fe0     0x4  main.o [1]
    .bss               zero     0x1fff5fe4     0x4  main.o [1]
    .bss               zero     0x1fff5fe8     0x4  main.o [1]
    .bss               zero     0x1fff5fec     0x4  main.o [1]
    .bss               zero     0x1fff5ff0     0x4  main.o [1]
    .bss               zero     0x1fff5ff4     0x4  main.o [1]
    .bss               zero     0x1fff5ff8     0x4  main.o [1]
    .bss               zero     0x1fff5ffc     0x4  main.o [1]
    .bss               zero     0x1fff6000     0x4  main.o [1]
    .bss               zero     0x1fff6004     0x4  main.o [1]
    .bss               zero     0x1fff6008     0x4  main.o [1]
    .bss               zero     0x1fff600c     0x4  main.o [1]
    .bss               zero     0x1fff6010     0x4  main.o [1]
    .bss               zero     0x1fff6014     0x4  main.o [1]
    .bss               zero     0x1fff6018     0x4  main.o [1]
    .bss               zero     0x1fff601c     0x4  main.o [1]
    .bss               zero     0x1fff6020     0x4  main.o [1]
    .bss               zero     0x1fff6024     0x4  main.o [1]
    .bss               zero     0x1fff6028     0x4  main.o [1]
    .bss               zero     0x1fff602c     0x4  main.o [1]
    .bss               zero     0x1fff6030     0x4  main.o [1]
    .bss               zero     0x1fff6034     0x4  main.o [1]
    .bss               zero     0x1fff6038     0x4  main.o [1]
    .bss               zero     0x1fff603c     0x4  main.o [1]
    .bss               zero     0x1fff6040     0x4  sysinit.o [1]
    .bss               zero     0x1fff6044     0x4  sysinit.o [1]
    .bss               zero     0x1fff6048     0x4  sysinit.o [1]
    .bss               zero     0x1fff604c     0x2  main.o [1]
    .bss               zero     0x1fff604e     0x1  NRF24L0.o [1]
    .bss               zero     0x1fff604f     0x1  NRF24L0.o [1]
    .bss               zero     0x1fff6050     0x1  NRF24L0.o [1]
    .bss               zero     0x1fff6051     0x1  NRF24L0.o [1]
    .bss               zero     0x1fff6052     0x1  NRF24L0.o [1]
    .bss               zero     0x1fff6053     0x1  key.o [1]
    .bss               zero     0x1fff6054     0x1  key.o [1]
    .bss               zero     0x1fff6055     0x1  key.o [1]
    .bss               zero     0x1fff6056     0x1  main.o [1]
    .bss               zero     0x1fff6057     0x1  main.o [1]
    .bss               zero     0x1fff6058     0x1  main.o [1]
    .bss               zero     0x1fff6059     0x1  main.o [1]
    .bss               zero     0x1fff605a     0x1  main.o [1]
    .bss               zero     0x1fff605b     0x1  main.o [1]
    .bss               zero     0x1fff605c     0x1  main.o [1]
    .bss               zero     0x1fff605d     0x1  main.o [1]
    .bss               zero     0x1fff605e     0x1  main.o [1]
    .bss               zero     0x1fff605f     0x1  main.o [1]
    .bss               zero     0x1fff6060     0x1  main.o [1]
    .bss               zero     0x1fff6061     0x1  main.o [1]
    .bss               zero     0x1fff6062     0x1  main.o [1]
    .bss               zero     0x1fff6063     0x1  main.o [1]
    .bss               zero     0x1fff6064     0x1  main.o [1]
    .bss               zero     0x1fff6065     0x1  main.o [1]
    .bss               zero     0x1fff6066     0x1  main.o [1]
    .bss               zero     0x1fff6067     0x1  main.o [1]
                              - 0x1fff6068  0x5a14


*******************************************************************************
*** INIT TABLE
***

          Address     Size
          -------     ----
Zero (__iar_zero_init3)
    1 destination range, total size 0x5a14:
          0x1fff0654  0x5a14



*******************************************************************************
*** MODULE SUMMARY
***

    Module            ro code  rw code  ro data  rw data
    ------            -------  -------  -------  -------
C:\Users\Administrator\Desktop\（完结）智能车程序\build\camera_demo\Debug\Obj: [1]
    FTM.o                 996                84       12
    LED.o                 180
    NRF24L0.o             740                        653
    OV7725.o              468               107      106
    PIT.o                 112
    SCCB.o              1 034
    arm_cm4.o             296               116
    assert.o               32                76
    crt0.o                 60
    delay.o                36
    dma.o                 620                72
    gpio.o                248               119       40
    io.o                   16
    isr.o                 448                32        4
    key.o                 316                 8       59
    lptmr.o               244                76
    main.o              7 316               285   22 619
    mcg.o                 772       80       91        8
    port.o                184
    printf.o            1 372
    spi.o                 416                12       12
    start.o             1 312             1 176
    startup.o             192
    stdlib.o               32
    sysinit.o              92                         12
    uart.o                524                24       24
    vectors.o              36             1 088
    wdog.o                 56
    ----------------------------------------------------
    Total:             18 150       80    3 366   23 549

command line: [2]
    ----------------------------------------------------
    Total:

dl7M_tln.a: [3]
    exit.o                  4
    low_level_init.o        4
    ----------------------------------------------------
    Total:                  8

m7M_tl.a: [4]
    DblAdd.o              232
    DblMul.o              418
    DblSub.o              384
    DblToFlt.o            144
    DblToI32.o             76
    FltAdd.o              132
    FltCmpGe.o             36
    FltCmpLe.o             36
    FltDiv.o              252
    FltMul.o              216
    FltSub.o              230
    FltToDbl.o             78
    FltToS32.o             68
    FltToU32.o             36
    I32ToDbl.o             44
    I32ToFlt.o             50
    ----------------------------------------------------
    Total:              2 432

rt7M_tl.a: [5]
    bwt_init3c.o
    cexit.o                10
    cmain.o                22
    cstartup_M.o           12
    data_init3.o           44
    zero_init3.o           34
    ----------------------------------------------------
    Total:                122

shb_l.a: [6]
    exit.o                 20
    ----------------------------------------------------
    Total:                 20

    Gaps                   10                         11
    Linker created          8                16
--------------------------------------------------------
    Grand Total:       20 750       80    3 382   23 560


*******************************************************************************
*** ENTRY LIST
***

Entry                      Address    Size  Type      Object
-----                      -------    ----  ----      ------
.bss$$Base              0x1fff0654           --   Gb  - Linker created -
.bss$$Limit             0x1fff6068           --   Gb  - Linker created -
.data$$Base             0x1fff0410           --   Gb  - Linker created -
.data$$Limit            0x1fff0604           --   Gb  - Linker created -
.data_init$$Base        0x00005178           --   Gb  - Linker created -
.data_init$$Limit       0x0000536c           --   Gb  - Linker created -
?main                   0x00005be9          Code  Gb  cmain.o [5]
ASSERT_FAILED_STR       0x000056b8    0x4c  Data  Gb  assert.o [1]
CB                      0x1fff5fdc     0x4  Data  Gb  main.o [1]
CB1                     0x1fff6008     0x4  Data  Gb  main.o [1]
CB2                     0x1fff6030     0x4  Data  Gb  main.o [1]
CK                      0x1fff5fd8     0x4  Data  Gb  main.o [1]
CK1                     0x1fff6004     0x4  Data  Gb  main.o [1]
CK2                     0x1fff602c     0x4  Data  Gb  main.o [1]
Cnt_nihe                0x1fff05d4     0x1  Data  Gb  main.o [1]
Cnt_shizhi              0x1fff6056     0x1  Data  Gb  main.o [1]
CodeRelocate$$Base      0x00005668           --   Gb  - Linker created -
CodeRelocate$$Limit     0x000056b8           --   Gb  - Linker created -
CodeRelocateRam$$Base   0x1fff0604           --   Gb  - Linker created -
CodeRelocateRam$$Limit  0x1fff0654           --   Gb  - Linker created -
Con_road                0x1fff6060     0x1  Data  Gb  main.o [1]
D                       0x1fff6034     0x4  Data  Gb  main.o [1]
DMA0_IRQHandler         0x000054d1    0x14  Code  Gb  isr.o [1]
DMA_PORTx2BUFF_Init     0x000035f1   0x234  Code  Gb  dma.o [1]
D_AVE                   0x1fff6038     0x4  Data  Gb  main.o [1]
FTM_PWM_Duty            0x000029cf    0x78  Code  Gb  FTM.o [1]
FTM_PWM_init            0x000026ad   0x322  Code  Gb  FTM.o [1]
FTMx                    0x1fff0410     0xc  Data  Gb  FTM.o [1]
GPIOx                   0x1fff0488    0x14  Data  Gb  gpio.o [1]
IMG_BUFF                0x1fff08dc     0x4  Data  Gb  OV7725.o [1]
KD                      0x1fff04cc     0x4  Data  Gb  main.o [1]
KEY_PTxn                0x1fff04b0     0x8  Data  Gb  key.o [1]
KI                      0x1fff04c4     0x4  Data  Gb  main.o [1]
KP                      0x1fff04c8     0x4  Data  Gb  main.o [1]
Kd                      0x1fff04bc     0x4  Data  Gb  main.o [1]
Kp                      0x1fff04b8     0x4  Data  Gb  main.o [1]
LASTerror               0x1fff0934     0x4  Data  Gb  main.o [1]
LED_init                0x00003d21    0x34  Code  Gb  LED.o [1]
LPT_Handler             0x0000542b    0x18  Code  Gb  isr.o [1]
LPT_INT_count           0x1fff08e0     0x4  Data  Gb  isr.o [1]
NOWerror                0x1fff0938     0x4  Data  Gb  main.o [1]
NRF_Handler             0x00004ef7    0x1e  Code  Gb  NRF24L0.o [1]
NRF_ISR_Rx_Handler      0x00004f15    0x9c  Code  Lc  NRF24L0.o [1]
NRF_ISR_Tx_Dat_Once     0x00004ebd    0x3a  Code  Lc  NRF24L0.o [1]
NRF_ISR_Tx_Handler      0x00004e57    0x66  Code  Lc  NRF24L0.o [1]
NRF_RW                  0x00004e45    0x12  Code  Lc  NRF24L0.o [1]
NRF_ReadBuf             0x00004dcf    0x76  Code  Lc  NRF24L0.o [1]
NRF_ReadReg             0x00004d43    0x4a  Code  Lc  NRF24L0.o [1]
NRF_WriteBuf            0x00004d8d    0x42  Code  Lc  NRF24L0.o [1]
NRF_WriteReg            0x00004cf5    0x4e  Code  Lc  NRF24L0.o [1]
Nihe_panduan            0x1fff5fe0     0x4  Data  Gb  main.o [1]
Ov7725_Init             0x000025df    0x18  Code  Gb  OV7725.o [1]
Ov7725_exti_Init        0x000024d9    0x3c  Code  Gb  OV7725.o [1]
Ov7725_reg_Init         0x000025f7    0x90  Code  Lc  OV7725.o [1]
PIT0_IRQHandler         0x00005443    0x7a  Code  Gb  isr.o [1]
PIT1_IRQHandler         0x000054bd    0x14  Code  Gb  isr.o [1]
PORTB_IRQHandler        0x0000539f    0x8c  Code  Gb  isr.o [1]
PORTE_IRQHandler        0x0000536d    0x32  Code  Gb  isr.o [1]
PORTX                   0x1fff049c    0x14  Data  Gb  gpio.o [1]
PREerror                0x1fff0930     0x4  Data  Gb  main.o [1]
PWM_out                 0x1fff0944     0x4  Data  Gb  main.o [1]
RX_ISR_FIFO             0x1fff065c   0x280  Data  Gb  NRF24L0.o [1]
Region$$Table$$Base     0x00005a24           --   Gb  - Linker created -
Region$$Table$$Limit    0x00005a34           --   Gb  - Linker created -
Reset_Handler           0x00000411          Code  Gb  crt0.o [1]
SCCB_Ack                0x00003a35    0x4c  Code  Lc  SCCB.o [1]
SCCB_GPIO_init          0x0000392f    0x1c  Code  Gb  SCCB.o [1]
SCCB_NoAck              0x00003a81    0x4c  Code  Lc  SCCB.o [1]
SCCB_ReadByte           0x00003c99    0x86  Code  Gb  SCCB.o [1]
SCCB_ReceiveByte        0x00003bbf    0x84  Code  Lc  SCCB.o [1]
SCCB_SendByte           0x00003b55    0x6a  Code  Lc  SCCB.o [1]
SCCB_Start              0x0000394b    0xaa  Code  Lc  SCCB.o [1]
SCCB_Stop               0x000039f5    0x40  Code  Lc  SCCB.o [1]
SCCB_WaitAck            0x00003acd    0x88  Code  Lc  SCCB.o [1]
SCCB_WriteByte          0x00003c51    0x48  Code  Gb  SCCB.o [1]
SCCB_delay              0x00003915    0x1a  Code  Lc  SCCB.o [1]
SPIN                    0x1fff05e0     0xc  Data  Gb  spi.o [1]
Set_speed               0x1fff04d8     0x4  Data  Gb  main.o [1]
Set_speed0              0x1fff04dc     0x4  Data  Gb  main.o [1]
Speed_out               0x1fff093c     0x4  Data  Gb  main.o [1]
Speed_zhidao            0x1fff0928     0x4  Data  Gb  main.o [1]
Speedmax                0x1fff04d0     0x4  Data  Gb  main.o [1]
Speedmin                0x1fff04d4     0x4  Data  Gb  main.o [1]
Sur_speed               0x1fff092c     0x4  Data  Gb  main.o [1]
UARTx                   0x1fff05ec    0x18  Data  Gb  uart.o [1]
V_add                   0x1fff0940     0x4  Data  Gb  main.o [1]
X                       0x1fff5fb8     0x4  Data  Gb  main.o [1]
X1                      0x1fff5fe4     0x4  Data  Gb  main.o [1]
X2                      0x1fff600c     0x4  Data  Gb  main.o [1]
XX                      0x1fff5fc4     0x4  Data  Gb  main.o [1]
XX1                     0x1fff5ff0     0x4  Data  Gb  main.o [1]
XX2                     0x1fff6018     0x4  Data  Gb  main.o [1]
XX_AVE                  0x1fff5fd4     0x4  Data  Gb  main.o [1]
XX_AVE1                 0x1fff6000     0x4  Data  Gb  main.o [1]
XX_AVE2                 0x1fff6028     0x4  Data  Gb  main.o [1]
XY                      0x1fff5fc0     0x4  Data  Gb  main.o [1]
XY1                     0x1fff5fec     0x4  Data  Gb  main.o [1]
XY2                     0x1fff6014     0x4  Data  Gb  main.o [1]
XY_AVE                  0x1fff5fd0     0x4  Data  Gb  main.o [1]
XY_AVE1                 0x1fff5ffc     0x4  Data  Gb  main.o [1]
XY_AVE2                 0x1fff6024     0x4  Data  Gb  main.o [1]
X_AVE                   0x1fff5fc8     0x4  Data  Gb  main.o [1]
X_AVE1                  0x1fff5ff4     0x4  Data  Gb  main.o [1]
X_AVE2                  0x1fff601c     0x4  Data  Gb  main.o [1]
Y                       0x1fff5fbc     0x4  Data  Gb  main.o [1]
Y1                      0x1fff5fe8     0x4  Data  Gb  main.o [1]
Y2                      0x1fff6010     0x4  Data  Gb  main.o [1]
Y_AVE                   0x1fff5fcc     0x4  Data  Gb  main.o [1]
Y_AVE1                  0x1fff5ff8     0x4  Data  Gb  main.o [1]
Y_AVE2                  0x1fff6020     0x4  Data  Gb  main.o [1]
__BOOT_STACK_ADDRESS {Abs}
                        0x2000fff8           --   Gb  command line/config [2]
__VECTOR_RAM {Abs}      0x1fff0000           --   Gb  command line/config [2]
__VECTOR_TABLE {Abs}    0x00000000           --   Gb  command line/config [2]
__aeabi_cfcmple         0x00002eb9          Code  Gb  FltCmpLe.o [4]
__aeabi_cfrcmple        0x00002e95          Code  Gb  FltCmpGe.o [4]
__aeabi_d2f             0x00003339          Code  Gb  DblToFlt.o [4]
__aeabi_d2iz            0x000033f5          Code  Gb  DblToI32.o [4]
__aeabi_dadd            0x00003251          Code  Gb  DblAdd.o [4]
__aeabi_dmul            0x000030ad          Code  Gb  DblMul.o [4]
__aeabi_dsub            0x00002f2d          Code  Gb  DblSub.o [4]
__aeabi_f2d             0x00002edd          Code  Gb  FltToDbl.o [4]
__aeabi_f2iz            0x00003441          Code  Gb  FltToS32.o [4]
__aeabi_f2uiz           0x00003485          Code  Gb  FltToU32.o [4]
__aeabi_fadd            0x00002e11          Code  Gb  FltAdd.o [4]
__aeabi_fdiv            0x00002b55          Code  Gb  FltDiv.o [4]
__aeabi_fmul            0x00002d39          Code  Gb  FltMul.o [4]
__aeabi_fsub            0x00002c51          Code  Gb  FltSub.o [4]
__aeabi_i2d             0x000033c9          Code  Gb  I32ToDbl.o [4]
__aeabi_i2f             0x00002b01          Code  Gb  I32ToFlt.o [4]
__aeabi_ui2f            0x00002b15          Code  Gb  I32ToFlt.o [4]
__cmain                 0x00005be9          Code  Gb  cmain.o [5]
__code_start__ {Abs}    0x00000410           --   Gb  command line/config [2]
__exit                  0x00005c15    0x14  Code  Gb  exit.o [6]
__iar_SB                0x00005e44          Data  Gb  bwt_init3c.o [5]
__iar_d2uiz             0x00003421          Code  Gb  DblToI32.o [4]
__iar_dadd              0x00003265          Code  Gb  DblAdd.o [4]
__iar_data_init3        0x00005985    0x2c  Code  Gb  data_init3.o [5]
__iar_dsub              0x00002f41          Code  Gb  DblSub.o [4]
__iar_dsubStart         0x00002f53          Code  Gb  DblSub.o [4]
__iar_fadd              0x00002e21          Code  Gb  FltAdd.o [4]
__iar_fsub              0x00002c61          Code  Gb  FltSub.o [4]
__iar_fsubStart         0x00002c71          Code  Gb  FltSub.o [4]
__iar_program_start     0x00005df9          Code  Gb  cstartup_M.o [5]
__iar_ui2d              0x000033dd          Code  Gb  I32ToDbl.o [4]
__iar_ui2f              0x00002b19          Code  Gb  I32ToFlt.o [4]
__iar_zero_init3        0x00002b33    0x22  Code  Gb  zero_init3.o [5]
__low_level_init        0x00005bff     0x4  Code  Gb  low_level_init.o [3]
__vector_table          0x00000000   0x410  Data  Gb  vectors.o [1]
_call_main              0x00005bf5          Code  Gb  cmain.o [5]
_exit                   0x00005c09          Code  Gb  cexit.o [5]
_main                   0x00005bfb          Code  Gb  cmain.o [5]
angle                   0x1fff0914     0x4  Data  Gb  main.o [1]
assert_failed           0x000034a9    0x20  Code  Gb  assert.o [1]
bus_clk_khz             0x1fff6048     0x4  Data  Gb  sysinit.o [1]
cesu                    0x1fff603c     0x4  Data  Gb  main.o [1]
cfgnum                  0x1fff0484     0x1  Data  Gb  OV7725.o [1]
chazhi0                 0x1fff6065     0x1  Data  Gb  main.o [1]
chazhi1                 0x1fff6066     0x1  Data  Gb  main.o [1]
cnt_stop                0x1fff6061     0x1  Data  Gb  main.o [1]
common_startup          0x000048cd    0xc0  Code  Gb  startup.o [1]
core_clk_khz            0x1fff6040     0x4  Data  Gb  sysinit.o [1]
core_clk_mhz            0x1fff6044     0x4  Data  Gb  sysinit.o [1]
count                   0x1fff604c     0x2  Data  Gb  main.o [1]
cpu_identify            0x000044a3   0x20a  Code  Gb  start.o [1]
default_isr             0x00005a01    0x24  Code  Gb  vectors.o [1]
delayms                 0x00004331    0x1e  Code  Gb  delay.o [1]
disable_irq             0x00003563    0x5e  Code  Gb  arm_cm4.o [1]
enable_irq              0x000034cf    0x94  Code  Gb  arm_cm4.o [1]
end_rowC                0x1fff605e     0x1  Data  Gb  main.o [1]
end_rowL                0x1fff04c0     0x1  Data  Gb  main.o [1]
end_rowR                0x1fff04c1     0x1  Data  Gb  main.o [1]
errorAVE                0x1fff0924     0x4  Data  Gb  main.o [1]
errorLAST               0x1fff091c     0x4  Data  Gb  main.o [1]
errorNOW                0x1fff0920     0x4  Data  Gb  main.o [1]
errorPRE                0x1fff0918     0x4  Data  Gb  main.o [1]
exit                    0x00005c03     0x4  Code  Gb  exit.o [3]
flag_loselineL          0x1fff605c     0x1  Data  Gb  main.o [1]
flag_loselineR          0x1fff605d     0x1  Data  Gb  main.o [1]
flag_shizhi             0x1fff6057     0x1  Data  Gb  main.o [1]
flag_yunsu              0x1fff605f     0x1  Data  Gb  main.o [1]
flag_zhipao0            0x1fff6058     0x1  Data  Gb  main.o [1]
flag_zhipao1            0x1fff6059     0x1  Data  Gb  main.o [1]
flag_zhipao2            0x1fff605a     0x1  Data  Gb  main.o [1]
flag_zhipao3            0x1fff605b     0x1  Data  Gb  main.o [1]
flash_identify          0x000046ad    0xbe  Code  Gb  start.o [1]
front                   0x1fff6050     0x1  Data  Gb  NRF24L0.o [1]
gpio_get                0x000021a5    0x26  Code  Gb  gpio.o [1]
gpio_init               0x000020e1    0xc4  Code  Gb  gpio.o [1]
i                       0x1fff6062     0x1  Data  Gb  main.o [1]
img_bin_buff            0x1fff04e0     0x4  Data  Gb  main.o [1]
img_buff                0x1fff12c8  0x4b00  Data  Gb  main.o [1]
img_extract             0x00002553    0x8c  Code  Gb  OV7725.o [1]
img_flag                0x1fff041c     0x1  Data  Gb  OV7725.o [1]
isr_L                   0x1fff0658     0x4  Data  Gb  NRF24L0.o [1]
isr_addr                0x1fff0654     0x4  Data  Gb  NRF24L0.o [1]
isr_state               0x1fff604f     0x1  Data  Gb  NRF24L0.o [1]
j                       0x1fff6063     0x1  Data  Gb  main.o [1]
key_IRQHandler          0x0000558b    0xc2  Code  Gb  key.o [1]
key_msg                 0x1fff08e4    0x28  Data  Gb  key.o [1]
key_msg_flag            0x1fff6055     0x1  Data  Gb  key.o [1]
key_msg_front           0x1fff6053     0x1  Data  Gb  key.o [1]
key_msg_rear            0x1fff6054     0x1  Data  Gb  key.o [1]
led                     0x00003d55    0x1e  Code  Gb  LED.o [1]
loseline                0x1fff5f3c    0x7c  Data  Gb  main.o [1]
lptmr_counter_init      0x000021d9    0xa4  Code  Gb  lptmr.o [1]
main                    0x000005b5  0x19b4  Code  Gb  main.o [1]
mcg_div                 0x1fff05d8     0x8  Data  Gb  mcg.o [1]
mid                     0x1fff5dc8    0x7c  Data  Gb  main.o [1]
nihe_fenjie             0x1fff6067     0x1  Data  Gb  main.o [1]
nihe_i                  0x1fff6064     0x1  Data  Gb  main.o [1]
nrf_buff                0x1fff0948   0x980  Data  Gb  main.o [1]
nrf_mode                0x1fff604e     0x1  Data  Gb  NRF24L0.o [1]
out_char                0x00005dad    0x10  Code  Gb  io.o [1]
ov7725_get_img          0x00002515    0x3e  Code  Gb  OV7725.o [1]
ov7727_reg              0x1fff0420    0x64  Data  Gb  OV7725.o [1]
pit_init                0x00002a91    0x62  Code  Gb  PIT.o [1]
pll_init                0x000049f1   0x304  Code  Gb  mcg.o [1]
port_init               0x0000385d    0xb8  Code  Gb  port.o [1]
printf                  0x00004307    0x26  Code  Gb  printf.o [1]
printk                  0x00003efd   0x40a  Code  Gb  printf.o [1]
printk_mknumstr         0x00003e07    0xaa  Code  Lc  printf.o [1]
printk_pad_space        0x00003ed7    0x26  Code  Lc  printf.o [1]
printk_pad_zero         0x00003eb1    0x26  Code  Lc  printf.o [1]
printk_putc             0x00003dd5    0x32  Code  Lc  printf.o [1]
re_flag                 0x1fff6052     0x1  Data  Gb  NRF24L0.o [1]
rear                    0x1fff6051     0x1  Data  Gb  NRF24L0.o [1]
row_left                0x1fff5e44    0x7c  Data  Gb  main.o [1]
row_right               0x1fff5ec0    0x7c  Data  Gb  main.o [1]
send_key_msg            0x0000552d    0x5e  Code  Gb  key.o [1]
set_sys_dividers        0x1fff0605    0x50  Code  Gb  mcg.o [1]
spi_WR                  0x000050a5    0xcc  Code  Gb  spi.o [1]
spi_send                0x00004fd9    0xcc  Code  Gb  spi.o [1]
start                   0x00004375   0x12e  Code  Gb  start.o [1]
strlen                  0x00004355    0x20  Code  Gb  stdlib.o [1]
switch_init             0x0000044d   0x160  Code  Gb  main.o [1]
sysinit                 0x0000498d    0x48  Code  Gb  sysinit.o [1]
time_delay_ms           0x0000227d    0x32  Code  Gb  lptmr.o [1]
uart_init               0x000022cd   0x1ae  Code  Gb  uart.o [1]
uart_putchar            0x0000247b    0x1a  Code  Gb  uart.o [1]
water_lights            0x00003d73    0x5c  Code  Gb  LED.o [1]
wdog_disable            0x00004895    0x16  Code  Gb  wdog.o [1]
wdog_unlock             0x000048ad    0x16  Code  Gb  wdog.o [1]
write_vtor              0x000034c9     0x6  Code  Gb  arm_cm4.o [1]
zhipao                  0x1fff04e4    0xf0  Data  Gb  main.o [1]


[1] = C:\Users\Administrator\Desktop\（完结）智能车程序\build\camera_demo\Debug\Obj
[2] = command line
[3] = dl7M_tln.a
[4] = m7M_tl.a
[5] = rt7M_tl.a
[6] = shb_l.a

  20 750 bytes of readonly  code memory
      80 bytes of readwrite code memory
   3 382 bytes of readonly  data memory
  23 560 bytes of readwrite data memory

Errors: none
Warnings: none
